node.exe : npm warn 
config production Use 
`--omit=dev` instead.
At line:1 char:1
+ & "C:\Program 
Files\nodejs/node.exe" 
"C:\Program 
Files\nodejs/node_mo 
...
+ ~~~~~~~~~~~~~~~~~~~~~
~~~~~~~~~~~~~~~~~~~~~~~
~~~~~~~~~~~~~~~~~~~~~~~
~~
    + CategoryInfo     
         : NotSpecifi  
  ed: (npm warn conf   
 ig...t=dev` instea    
d.:String) [], Rem    
oteException
    + FullyQualifiedEr 
   rorId : NativeComm  
  andError
 

> gamified-life@0.0.0 build
> tsc -b && vite build

[36mvite v7.3.1 [32mbuilding client environment for production...[36m[39m
transforming...
[32mΓ£ô[39m 2440 modules transformed.
rendering chunks...
[33m[plugin 
vite:reporter] 
(!) C:/Users/aduca/.gem
ini/antigravity/scratch
/gamified-life/src/stor
e/useBookTrophyStore.ts
 is dynamically 
imported by C:/Users/ad
uca/.gemini/antigravity
/scratch/gamified-life/
src/store/useBookStore.
ts, C:/Users/aduca/.gem
ini/antigravity/scratch
/gamified-life/src/stor
e/useBookStore.ts, C:/U
sers/aduca/.gemini/anti
gravity/scratch/gamifie
d-life/src/store/useTas
kStore.ts but also 
statically imported by 
C:/Users/aduca/.gemini/
antigravity/scratch/gam
ified-life/src/componen
ts/ui/TrophyEvolvedModa
l.tsx, C:/Users/aduca/.
gemini/antigravity/scra
tch/gamified-life/src/f
eatures/library/Library
Codex.tsx, C:/Users/adu
ca/.gemini/antigravity/
scratch/gamified-life/s
rc/features/room/Trophy
Hall.tsx, C:/Users/aduc
a/.gemini/antigravity/s
cratch/gamified-life/sr
c/features/room/TrophyP
anel.tsx, C:/Users/aduc
a/.gemini/antigravity/s
cratch/gamified-life/sr
c/features/room/Walkabl
eRoom.tsx, C:/Users/adu
ca/.gemini/antigravity/
scratch/gamified-life/s
rc/store/useCombatFormu
las.ts, C:/Users/aduca/
.gemini/antigravity/scr
atch/gamified-life/src/
store/useGameStore.ts, 
C:/Users/aduca/.gemini/
antigravity/scratch/gam
ified-life/src/store/us
eMagicStore.ts, 
dynamic import will 
not move module into 
another chunk.
[39m
[33m[plugin 
vite:reporter] 
(!) C:/Users/aduca/.gem
ini/antigravity/scratch
/gamified-life/src/stor
e/useCurrencyStore.ts 
is dynamically 
imported by C:/Users/ad
uca/.gemini/antigravity
/scratch/gamified-life/
src/store/useBudgetStor
e.ts, C:/Users/aduca/.g
emini/antigravity/scrat
ch/gamified-life/src/st
ore/useBudgetStore.ts, 
C:/Users/aduca/.gemini/
antigravity/scratch/gam
ified-life/src/store/us
eBudgetStore.ts, C:/Use
rs/aduca/.gemini/antigr
avity/scratch/gamified-
life/src/store/useCalen
darStore.ts, C:/Users/a
duca/.gemini/antigravit
y/scratch/gamified-life
/src/store/useCalendarS
tore.ts, C:/Users/aduca
/.gemini/antigravity/sc
ratch/gamified-life/src
/store/useCheckInStore.
ts, C:/Users/aduca/.gem
ini/antigravity/scratch
/gamified-life/src/stor
e/useConquestStore.ts, 
C:/Users/aduca/.gemini/
antigravity/scratch/gam
ified-life/src/store/us
eGameStore.ts, C:/Users
/aduca/.gemini/antigrav
ity/scratch/gamified-li
fe/src/store/useGameSto
re.ts, C:/Users/aduca/.
gemini/antigravity/scra
tch/gamified-life/src/s
tore/useGameStore.ts, C
:/Users/aduca/.gemini/a
ntigravity/scratch/gami
fied-life/src/store/use
RecurringTasksStore.ts,
 C:/Users/aduca/.gemini
/antigravity/scratch/ga
mified-life/src/store/u
seRecurringTasksStore.t
s, C:/Users/aduca/.gemi
ni/antigravity/scratch/
gamified-life/src/store
/useRecurringTasksStore
.ts, C:/Users/aduca/.ge
mini/antigravity/scratc
h/gamified-life/src/sto
re/useRecurringTasksSto
re.ts, C:/Users/aduca/.
gemini/antigravity/scra
tch/gamified-life/src/s
tore/useRecurringTasksS
tore.ts, C:/Users/aduca
/.gemini/antigravity/sc
ratch/gamified-life/src
/store/useStormStore.ts
, C:/Users/aduca/.gemin
i/antigravity/scratch/g
amified-life/src/store/
useTowerDefenseStore.ts
 but also statically 
imported by C:/Users/ad
uca/.gemini/antigravity
/scratch/gamified-life/
src/components/layout/T
opBar.tsx, C:/Users/adu
ca/.gemini/antigravity/
scratch/gamified-life/s
rc/features/arena/Arena
.tsx, C:/Users/aduca/.g
emini/antigravity/scrat
ch/gamified-life/src/fe
atures/combat/CombatPag
e.tsx, C:/Users/aduca/.
gemini/antigravity/scra
tch/gamified-life/src/f
eatures/conquest/Conque
st.tsx, C:/Users/aduca/
.gemini/antigravity/scr
atch/gamified-life/src/
features/conquest/Conqu
estStore.tsx, C:/Users/
aduca/.gemini/antigravi
ty/scratch/gamified-lif
e/src/features/conquest
/ConquestTiles.tsx, C:/
Users/aduca/.gemini/ant
igravity/scratch/gamifi
ed-life/src/features/co
nquest/MysteryTile.tsx,
 C:/Users/aduca/.gemini
/antigravity/scratch/ga
mified-life/src/feature
s/marketplace/stores/Ar
morStore.tsx, C:/Users/
aduca/.gemini/antigravi
ty/scratch/gamified-lif
e/src/features/marketpl
ace/stores/HospitalStor
e.tsx, C:/Users/aduca/.
gemini/antigravity/scra
tch/gamified-life/src/f
eatures/marketplace/sto
res/JewelryStore.tsx, C
:/Users/aduca/.gemini/a
ntigravity/scratch/gami
fied-life/src/features/
marketplace/stores/PetS
hop.tsx, C:/Users/aduca
/.gemini/antigravity/sc
ratch/gamified-life/src
/features/marketplace/s
tores/SpellStore.tsx, C
:/Users/aduca/.gemini/a
ntigravity/scratch/gami
fied-life/src/features/
marketplace/stores/Weap
onStore.tsx, C:/Users/a
duca/.gemini/antigravit
y/scratch/gamified-life
/src/features/monopoly/
MonopolyBoard.tsx, C:/U
sers/aduca/.gemini/anti
gravity/scratch/gamifie
d-life/src/features/ris
k/RiskPage.tsx, C:/User
s/aduca/.gemini/antigra
vity/scratch/gamified-l
ife/src/features/room/P
etInteractionPanel.tsx,
 C:/Users/aduca/.gemini
/antigravity/scratch/ga
mified-life/src/feature
s/shrine/DonationShrine
.tsx, C:/Users/aduca/.g
emini/antigravity/scrat
ch/gamified-life/src/fe
atures/stats/StatsPage.
tsx, C:/Users/aduca/.ge
mini/antigravity/scratc
h/gamified-life/src/fea
tures/storm/StormTheFor
t.tsx, C:/Users/aduca/.
gemini/antigravity/scra
tch/gamified-life/src/f
eatures/tower-defense/T
owerDefensePage.tsx, C:
/Users/aduca/.gemini/an
tigravity/scratch/gamif
ied-life/src/store/useC
heckInStore.ts, C:/User
s/aduca/.gemini/antigra
vity/scratch/gamified-l
ife/src/store/useInvent
oryStore.ts, C:/Users/a
duca/.gemini/antigravit
y/scratch/gamified-life
/src/store/useMagicStor
e.ts, C:/Users/aduca/.g
emini/antigravity/scrat
ch/gamified-life/src/st
ore/useStormStore.ts, C
:/Users/aduca/.gemini/a
ntigravity/scratch/gami
fied-life/src/store/use
TowerDefenseStore.ts, 
dynamic import will 
not move module into 
another chunk.
[39m
[33m[plugin 
vite:reporter] 
(!) C:/Users/aduca/.gem
ini/antigravity/scratch
/gamified-life/src/stor
e/useInventoryStore.ts 
is dynamically 
imported by C:/Users/ad
uca/.gemini/antigravity
/scratch/gamified-life/
src/store/useBookStore.
ts, C:/Users/aduca/.gem
ini/antigravity/scratch
/gamified-life/src/stor
e/useBookStore.ts, C:/U
sers/aduca/.gemini/anti
gravity/scratch/gamifie
d-life/src/store/useRec
urringTasksStore.ts, C:
/Users/aduca/.gemini/an
tigravity/scratch/gamif
ied-life/src/store/useR
ecurringTasksStore.ts 
but also statically 
imported by C:/Users/ad
uca/.gemini/antigravity
/scratch/gamified-life/
src/data/codex.ts, C:/U
sers/aduca/.gemini/anti
gravity/scratch/gamifie
d-life/src/data/rewardT
ables.ts, C:/Users/aduc
a/.gemini/antigravity/s
cratch/gamified-life/sr
c/features/character/Eq
uipmentPanel.tsx, C:/Us
ers/aduca/.gemini/antig
ravity/scratch/gamified
-life/src/features/char
acter/LoadoutPanel.tsx,
 C:/Users/aduca/.gemini
/antigravity/scratch/ga
mified-life/src/feature
s/codex/CollectionCodex
.tsx, C:/Users/aduca/.g
emini/antigravity/scrat
ch/gamified-life/src/fe
atures/conquest/Conques
t.tsx, C:/Users/aduca/.
gemini/antigravity/scra
tch/gamified-life/src/f
eatures/fusion/SharedFu
sionPanel.tsx, C:/Users
/aduca/.gemini/antigrav
ity/scratch/gamified-li
fe/src/features/library
/Library.tsx, C:/Users/
aduca/.gemini/antigravi
ty/scratch/gamified-lif
e/src/features/library/
LibraryCodex.tsx, C:/Us
ers/aduca/.gemini/antig
ravity/scratch/gamified
-life/src/features/mark
etplace/stores/ArmorSto
re.tsx, C:/Users/aduca/
.gemini/antigravity/scr
atch/gamified-life/src/
features/marketplace/st
ores/HospitalStore.tsx,
 C:/Users/aduca/.gemini
/antigravity/scratch/ga
mified-life/src/feature
s/marketplace/stores/Pe
tShop.tsx, C:/Users/adu
ca/.gemini/antigravity/
scratch/gamified-life/s
rc/features/marketplace
/stores/WeaponStore.tsx
, C:/Users/aduca/.gemin
i/antigravity/scratch/g
amified-life/src/featur
es/pet/PetPage.tsx, C:/
Users/aduca/.gemini/ant
igravity/scratch/gamifi
ed-life/src/features/ro
om/CellarPanel.tsx, C:/
Users/aduca/.gemini/ant
igravity/scratch/gamifi
ed-life/src/features/ro
om/WalkableRoom.tsx, C:
/Users/aduca/.gemini/an
tigravity/scratch/gamif
ied-life/src/features/r
oom/WorkshopPanel.tsx, 
C:/Users/aduca/.gemini/
antigravity/scratch/gam
ified-life/src/features
/shop/ShopModal.tsx, C:
/Users/aduca/.gemini/an
tigravity/scratch/gamif
ied-life/src/store/useP
assiveEffects.ts, C:/Us
ers/aduca/.gemini/antig
ravity/scratch/gamified
-life/src/store/useRoom
Store.ts, dynamic 
import will not move 
module into another 
chunk.
[39m
[33m[plugin 
vite:reporter] 
(!) C:/Users/aduca/.gem
ini/antigravity/scratch
/gamified-life/src/stor
e/useRiskStore.ts is 
dynamically imported 
by C:/Users/aduca/.gemi
ni/antigravity/scratch/
gamified-life/src/store
/useConquestStore.ts 
but also statically 
imported by C:/Users/ad
uca/.gemini/antigravity
/scratch/gamified-life/
src/features/risk/RiskP
age.tsx, C:/Users/aduca
/.gemini/antigravity/sc
ratch/gamified-life/src
/store/useCombatFormula
s.ts, C:/Users/aduca/.g
emini/antigravity/scrat
ch/gamified-life/src/st
ore/usePassiveEffects.t
s, dynamic import will 
not move module into 
another chunk.
[39m
[33m[plugin 
vite:reporter] 
(!) C:/Users/aduca/.gem
ini/antigravity/scratch
/gamified-life/src/stor
e/useTraitStore.ts is 
dynamically imported 
by C:/Users/aduca/.gemi
ni/antigravity/scratch/
gamified-life/src/store
/useRecurringTasksStore
.ts but also 
statically imported by 
C:/Users/aduca/.gemini/
antigravity/scratch/gam
ified-life/src/store/us
ePassiveEffects.ts, 
dynamic import will 
not move module into 
another chunk.
[39m
[33m[plugin 
vite:reporter] 
(!) C:/Users/aduca/.gem
ini/antigravity/scratch
/gamified-life/src/stor
e/useGameStore.ts is 
dynamically imported 
by C:/Users/aduca/.gemi
ni/antigravity/scratch/
gamified-life/src/featu
res/arena/Arena.tsx, C:
/Users/aduca/.gemini/an
tigravity/scratch/gamif
ied-life/src/features/c
onquest/ConquestBattle.
tsx, C:/Users/aduca/.ge
mini/antigravity/scratc
h/gamified-life/src/fea
tures/conquest/MysteryT
ile.tsx, C:/Users/aduca
/.gemini/antigravity/sc
ratch/gamified-life/src
/store/useCalendarStore
.ts, C:/Users/aduca/.ge
mini/antigravity/scratc
h/gamified-life/src/sto
re/useCharacterStore.ts
, C:/Users/aduca/.gemin
i/antigravity/scratch/g
amified-life/src/store/
useCheckInStore.ts, C:/
Users/aduca/.gemini/ant
igravity/scratch/gamifi
ed-life/src/store/useCo
nquestStore.ts, C:/User
s/aduca/.gemini/antigra
vity/scratch/gamified-l
ife/src/store/useConque
stStore.ts, C:/Users/ad
uca/.gemini/antigravity
/scratch/gamified-life/
src/store/useCurrencySt
ore.ts, C:/Users/aduca/
.gemini/antigravity/scr
atch/gamified-life/src/
store/useRecurringTasks
Store.ts, C:/Users/aduc
a/.gemini/antigravity/s
cratch/gamified-life/sr
c/store/useRecurringTas
ksStore.ts, C:/Users/ad
uca/.gemini/antigravity
/scratch/gamified-life/
src/store/useRecurringT
asksStore.ts, C:/Users/
aduca/.gemini/antigravi
ty/scratch/gamified-lif
e/src/store/useRoomStor
e.ts but also 
statically imported by 
C:/Users/aduca/.gemini/
antigravity/scratch/gam
ified-life/src/App.tsx,
 C:/Users/aduca/.gemini
/antigravity/scratch/ga
mified-life/src/compone
nts/layout/TopBar.tsx, 
C:/Users/aduca/.gemini/
antigravity/scratch/gam
ified-life/src/componen
ts/ui/LevelUpModal.tsx,
 C:/Users/aduca/.gemini
/antigravity/scratch/ga
mified-life/src/feature
s/arena/Arena.tsx, C:/U
sers/aduca/.gemini/anti
gravity/scratch/gamifie
d-life/src/features/cha
racter/CharacterPage.ts
x, C:/Users/aduca/.gemi
ni/antigravity/scratch/
gamified-life/src/featu
res/character/LoadoutPa
nel.tsx, C:/Users/aduca
/.gemini/antigravity/sc
ratch/gamified-life/src
/features/combat/Combat
Page.tsx, C:/Users/aduc
a/.gemini/antigravity/s
cratch/gamified-life/sr
c/features/conquest/Con
questBattle.tsx, C:/Use
rs/aduca/.gemini/antigr
avity/scratch/gamified-
life/src/features/day/W
akeUpModal.tsx, C:/User
s/aduca/.gemini/antigra
vity/scratch/gamified-l
ife/src/features/health
/HealthTracker.tsx, C:/
Users/aduca/.gemini/ant
igravity/scratch/gamifi
ed-life/src/features/li
brary/Library.tsx, C:/U
sers/aduca/.gemini/anti
gravity/scratch/gamifie
d-life/src/features/lib
rary/LibraryCodex.tsx, 
C:/Users/aduca/.gemini/
antigravity/scratch/gam
ified-life/src/features
/marketplace/Marketplac
eTown.tsx, C:/Users/adu
ca/.gemini/antigravity/
scratch/gamified-life/s
rc/features/marketplace
/XpWeaponsStore.tsx, C:
/Users/aduca/.gemini/an
tigravity/scratch/gamif
ied-life/src/features/m
arketplace/stores/Armor
Store.tsx, C:/Users/adu
ca/.gemini/antigravity/
scratch/gamified-life/s
rc/features/marketplace
/stores/HospitalStore.t
sx, C:/Users/aduca/.gem
ini/antigravity/scratch
/gamified-life/src/feat
ures/marketplace/stores
/ItemCard.tsx, C:/Users
/aduca/.gemini/antigrav
ity/scratch/gamified-li
fe/src/features/marketp
lace/stores/PetShop.tsx
, C:/Users/aduca/.gemin
i/antigravity/scratch/g
amified-life/src/featur
es/marketplace/stores/S
pellStore.tsx, C:/Users
/aduca/.gemini/antigrav
ity/scratch/gamified-li
fe/src/features/marketp
lace/stores/WeaponStore
.tsx, C:/Users/aduca/.g
emini/antigravity/scrat
ch/gamified-life/src/fe
atures/room/GardenPanel
.tsx, C:/Users/aduca/.g
emini/antigravity/scrat
ch/gamified-life/src/fe
atures/room/SleepPanel.
tsx, C:/Users/aduca/.ge
mini/antigravity/scratc
h/gamified-life/src/fea
tures/room/WorkshopPane
l.tsx, C:/Users/aduca/.
gemini/antigravity/scra
tch/gamified-life/src/f
eatures/shop/ShopModal.
tsx, C:/Users/aduca/.ge
mini/antigravity/scratc
h/gamified-life/src/fea
tures/stats/StatsPage.t
sx, C:/Users/aduca/.gem
ini/antigravity/scratch
/gamified-life/src/feat
ures/tasks/TasksPage.ts
x, C:/Users/aduca/.gemi
ni/antigravity/scratch/
gamified-life/src/featu
res/town/TownHub.tsx, C
:/Users/aduca/.gemini/a
ntigravity/scratch/gami
fied-life/src/store/use
BattleStore.ts, C:/User
s/aduca/.gemini/antigra
vity/scratch/gamified-l
ife/src/store/useBookSt
ore.ts, C:/Users/aduca/
.gemini/antigravity/scr
atch/gamified-life/src/
store/useCombatFormulas
.ts, C:/Users/aduca/.ge
mini/antigravity/scratc
h/gamified-life/src/sto
re/useConsistencyStore.
ts, C:/Users/aduca/.gem
ini/antigravity/scratch
/gamified-life/src/stor
e/useMagicStore.ts, C:/
Users/aduca/.gemini/ant
igravity/scratch/gamifi
ed-life/src/store/useTa
skStore.ts, C:/Users/ad
uca/.gemini/antigravity
/scratch/gamified-life/
src/store/useTowerDefen
seStore.ts, dynamic 
import will not move 
module into another 
chunk.
[39m
[33m[plugin 
vite:reporter] 
(!) C:/Users/aduca/.gem
ini/antigravity/scratch
/gamified-life/src/stor
e/useMonopolyStore.ts 
is dynamically 
imported by C:/Users/ad
uca/.gemini/antigravity
/scratch/gamified-life/
src/features/marketplac
e/stores/HospitalStore.
tsx, C:/Users/aduca/.ge
mini/antigravity/scratc
h/gamified-life/src/sto
re/useRecurringTasksSto
re.ts but also 
statically imported by 
C:/Users/aduca/.gemini/
antigravity/scratch/gam
ified-life/src/componen
ts/layout/TopBar.tsx, C
:/Users/aduca/.gemini/a
ntigravity/scratch/gami
fied-life/src/features/
monopoly/MonopolyBoard.
tsx, C:/Users/aduca/.ge
mini/antigravity/scratc
h/gamified-life/src/sto
re/useCheckInStore.ts, 
dynamic import will 
not move module into 
another chunk.
[39m
[33m[plugin 
vite:reporter] 
(!) C:/Users/aduca/.gem
ini/antigravity/scratch
/gamified-life/src/stor
e/useAuraStore.ts is 
dynamically imported 
by C:/Users/aduca/.gemi
ni/antigravity/scratch/
gamified-life/src/store
/useCodexStore.ts but 
also statically 
imported by C:/Users/ad
uca/.gemini/antigravity
/scratch/gamified-life/
src/data/codex.ts, C:/U
sers/aduca/.gemini/anti
gravity/scratch/gamifie
d-life/src/features/are
na/ArenaBattlefieldLayo
ut.tsx, C:/Users/aduca/
.gemini/antigravity/scr
atch/gamified-life/src/
features/character/Load
outPanel.tsx, C:/Users/
aduca/.gemini/antigravi
ty/scratch/gamified-lif
e/src/features/codex/Co
llectionCodex.tsx, C:/U
sers/aduca/.gemini/anti
gravity/scratch/gamifie
d-life/src/features/roo
m/PlayerRoom.tsx, C:/Us
ers/aduca/.gemini/antig
ravity/scratch/gamified
-life/src/features/room
/WalkableRoom.tsx, C:/U
sers/aduca/.gemini/anti
gravity/scratch/gamifie
d-life/src/features/roo
m/WardrobePanel.tsx, C:
/Users/aduca/.gemini/an
tigravity/scratch/gamif
ied-life/src/store/useC
ombatFormulas.ts, 
dynamic import will 
not move module into 
another chunk.
[39m
[33m[plugin 
vite:reporter] 
(!) C:/Users/aduca/.gem
ini/antigravity/scratch
/gamified-life/src/stor
e/useBudgetStore.ts is 
dynamically imported 
by C:/Users/aduca/.gemi
ni/antigravity/scratch/
gamified-life/src/store
/useRecurringTasksStore
.ts but also 
statically imported by 
C:/Users/aduca/.gemini/
antigravity/scratch/gam
ified-life/src/App.tsx,
 C:/Users/aduca/.gemini
/antigravity/scratch/ga
mified-life/src/feature
s/budget/BudgetPage.tsx
, C:/Users/aduca/.gemin
i/antigravity/scratch/g
amified-life/src/featur
es/budget/BudgetSetupMo
dal.tsx, C:/Users/aduca
/.gemini/antigravity/sc
ratch/gamified-life/src
/store/useCombatFormula
s.ts, dynamic import 
will not move module 
into another chunk.
[39m
[33m[plugin 
vite:reporter] 
(!) C:/Users/aduca/.gem
ini/antigravity/scratch
/gamified-life/src/stor
e/useCombatFormulas.ts 
is dynamically 
imported by C:/Users/ad
uca/.gemini/antigravity
/scratch/gamified-life/
src/store/useGameStore.
ts but also statically 
imported by C:/Users/ad
uca/.gemini/antigravity
/scratch/gamified-life/
src/features/arena/Aren
a.tsx, C:/Users/aduca/.
gemini/antigravity/scra
tch/gamified-life/src/f
eatures/character/Chara
cterPage.tsx, C:/Users/
aduca/.gemini/antigravi
ty/scratch/gamified-lif
e/src/features/stats/St
atsPage.tsx, C:/Users/a
duca/.gemini/antigravit
y/scratch/gamified-life
/src/store/useBattleSto
re.ts, dynamic import 
will not move module 
into another chunk.
[39m
[33m[plugin 
vite:reporter] 
(!) C:/Users/aduca/.gem
ini/antigravity/scratch
/gamified-life/src/stor
e/useConquestStore.ts 
is dynamically 
imported by C:/Users/ad
uca/.gemini/antigravity
/scratch/gamified-life/
src/features/arena/Aren
a.tsx, C:/Users/aduca/.
gemini/antigravity/scra
tch/gamified-life/src/f
eatures/arena/Arena.tsx
, C:/Users/aduca/.gemin
i/antigravity/scratch/g
amified-life/src/featur
es/arena/Arena.tsx, C:/
Users/aduca/.gemini/ant
igravity/scratch/gamifi
ed-life/src/features/ar
ena/Arena.tsx, C:/Users
/aduca/.gemini/antigrav
ity/scratch/gamified-li
fe/src/store/useBudgetS
tore.ts, C:/Users/aduca
/.gemini/antigravity/sc
ratch/gamified-life/src
/store/useBudgetStore.t
s, C:/Users/aduca/.gemi
ni/antigravity/scratch/
gamified-life/src/store
/useRecurringTasksStore
.ts, C:/Users/aduca/.ge
mini/antigravity/scratc
h/gamified-life/src/sto
re/useRecurringTasksSto
re.ts, C:/Users/aduca/.
gemini/antigravity/scra
tch/gamified-life/src/s
tore/useRiskStore.ts, C
:/Users/aduca/.gemini/a
ntigravity/scratch/gami
fied-life/src/store/use
StrategyStore.ts, C:/Us
ers/aduca/.gemini/antig
ravity/scratch/gamified
-life/src/store/useStra
tegyStore.ts, C:/Users/
aduca/.gemini/antigravi
ty/scratch/gamified-lif
e/src/store/useTowerDef
enseStore.ts but also 
statically imported by 
C:/Users/aduca/.gemini/
antigravity/scratch/gam
ified-life/src/componen
ts/layout/TopBar.tsx, C
:/Users/aduca/.gemini/a
ntigravity/scratch/gami
fied-life/src/features/
combat/CombatPage.tsx, 
C:/Users/aduca/.gemini/
antigravity/scratch/gam
ified-life/src/features
/conquest/Conquest.tsx,
 C:/Users/aduca/.gemini
/antigravity/scratch/ga
mified-life/src/feature
s/conquest/ConquestBatt
le.tsx, C:/Users/aduca/
.gemini/antigravity/scr
atch/gamified-life/src/
features/conquest/Conqu
estMeta.tsx, C:/Users/a
duca/.gemini/antigravit
y/scratch/gamified-life
/src/features/conquest/
ConquestStore.tsx, C:/U
sers/aduca/.gemini/anti
gravity/scratch/gamifie
d-life/src/features/con
quest/ConquestTiles.tsx
, C:/Users/aduca/.gemin
i/antigravity/scratch/g
amified-life/src/featur
es/conquest/MysteryTile
.tsx, C:/Users/aduca/.g
emini/antigravity/scrat
ch/gamified-life/src/fe
atures/risk/RiskPage.ts
x, C:/Users/aduca/.gemi
ni/antigravity/scratch/
gamified-life/src/featu
res/room/PetInteraction
Panel.tsx, dynamic 
import will not move 
module into another 
chunk.
[39m
[33m[plugin 
vite:reporter] 
(!) C:/Users/aduca/.gem
ini/antigravity/scratch
/gamified-life/src/comp
onents/ui/Toast.tsx is 
dynamically imported 
by C:/Users/aduca/.gemi
ni/antigravity/scratch/
gamified-life/src/featu
res/arena/Arena.tsx, C:
/Users/aduca/.gemini/an
tigravity/scratch/gamif
ied-life/src/features/a
rena/Arena.tsx, C:/User
s/aduca/.gemini/antigra
vity/scratch/gamified-l
ife/src/features/arena/
Arena.tsx, C:/Users/adu
ca/.gemini/antigravity/
scratch/gamified-life/s
rc/store/useBudgetStore
.ts, C:/Users/aduca/.ge
mini/antigravity/scratc
h/gamified-life/src/sto
re/useBudgetStore.ts, C
:/Users/aduca/.gemini/a
ntigravity/scratch/gami
fied-life/src/store/use
CheckInStore.ts, C:/Use
rs/aduca/.gemini/antigr
avity/scratch/gamified-
life/src/store/useCodex
Store.ts, C:/Users/aduc
a/.gemini/antigravity/s
cratch/gamified-life/sr
c/store/useMarketLoyalt
yStore.ts, C:/Users/adu
ca/.gemini/antigravity/
scratch/gamified-life/s
rc/store/useRecurringTa
sksStore.ts, C:/Users/a
duca/.gemini/antigravit
y/scratch/gamified-life
/src/store/useRecurring
TasksStore.ts, C:/Users
/aduca/.gemini/antigrav
ity/scratch/gamified-li
fe/src/store/useRecurri
ngTasksStore.ts, C:/Use
rs/aduca/.gemini/antigr
avity/scratch/gamified-
life/src/store/useRecur
ringTasksStore.ts, C:/U
sers/aduca/.gemini/anti
gravity/scratch/gamifie
d-life/src/store/useRec
urringTasksStore.ts, C:
/Users/aduca/.gemini/an
tigravity/scratch/gamif
ied-life/src/store/useR
ecurringTasksStore.ts, 
C:/Users/aduca/.gemini/
antigravity/scratch/gam
ified-life/src/store/us
eTraitStore.ts, C:/User
s/aduca/.gemini/antigra
vity/scratch/gamified-l
ife/src/store/useTraitS
tore.ts but also 
statically imported by 
C:/Users/aduca/.gemini/
antigravity/scratch/gam
ified-life/src/App.tsx,
 C:/Users/aduca/.gemini
/antigravity/scratch/ga
mified-life/src/compone
nts/ui/index.ts, C:/Use
rs/aduca/.gemini/antigr
avity/scratch/gamified-
life/src/features/conqu
est/Conquest.tsx, C:/Us
ers/aduca/.gemini/antig
ravity/scratch/gamified
-life/src/features/conq
uest/ConquestTiles.tsx,
 C:/Users/aduca/.gemini
/antigravity/scratch/ga
mified-life/src/feature
s/room/GardenPanel.tsx,
 dynamic import will 
not move module into 
another chunk.
[39m
[33m[plugin 
vite:reporter] 
(!) C:/Users/aduca/.gem
ini/antigravity/scratch
/gamified-life/src/stor
e/useCalendarStore.ts 
is dynamically 
imported by C:/Users/ad
uca/.gemini/antigravity
/scratch/gamified-life/
src/store/useCheckInSto
re.ts but also 
statically imported by 
C:/Users/aduca/.gemini/
antigravity/scratch/gam
ified-life/src/features
/calendar/CalendarModal
.tsx, C:/Users/aduca/.g
emini/antigravity/scrat
ch/gamified-life/src/fe
atures/calendar/Calenda
rPage.tsx, C:/Users/adu
ca/.gemini/antigravity/
scratch/gamified-life/s
rc/features/tasks/Tasks
Page.tsx, dynamic 
import will not move 
module into another 
chunk.
[39m
[33m[plugin 
vite:reporter] 
(!) C:/Users/aduca/.gem
ini/antigravity/scratch
/gamified-life/src/stor
e/useBuffStore.ts is 
dynamically imported 
by C:/Users/aduca/.gemi
ni/antigravity/scratch/
gamified-life/src/store
/useCheckInStore.ts, C:
/Users/aduca/.gemini/an
tigravity/scratch/gamif
ied-life/src/store/useM
arketLoyaltyStore.ts, C
:/Users/aduca/.gemini/a
ntigravity/scratch/gami
fied-life/src/store/use
TaskStore.ts but also 
statically imported by 
C:/Users/aduca/.gemini/
antigravity/scratch/gam
ified-life/src/features
/tasks/DailyChest.tsx, 
dynamic import will 
not move module into 
another chunk.
[39m
[33m[plugin 
vite:reporter] 
(!) C:/Users/aduca/.gem
ini/antigravity/scratch
/gamified-life/src/stor
e/useEconomyBalanceStor
e.ts is dynamically 
imported by C:/Users/ad
uca/.gemini/antigravity
/scratch/gamified-life/
src/store/useCurrencySt
ore.ts, C:/Users/aduca/
.gemini/antigravity/scr
atch/gamified-life/src/
store/useCurrencyStore.
ts but also statically 
imported by C:/Users/ad
uca/.gemini/antigravity
/scratch/gamified-life/
src/features/shrine/Don
ationShrine.tsx, C:/Use
rs/aduca/.gemini/antigr
avity/scratch/gamified-
life/src/features/stats
/StatsPage.tsx, 
dynamic import will 
not move module into 
another chunk.
[39m
[33m[plugin 
vite:reporter] 
(!) C:/Users/aduca/.gem
ini/antigravity/scratch
/gamified-life/src/stor
e/useEquipmentStore.ts 
is dynamically 
imported by C:/Users/ad
uca/.gemini/antigravity
/scratch/gamified-life/
src/features/arena/Aren
a.tsx but also 
statically imported by 
C:/Users/aduca/.gemini/
antigravity/scratch/gam
ified-life/src/data/cod
ex.ts, C:/Users/aduca/.
gemini/antigravity/scra
tch/gamified-life/src/f
eatures/character/Loado
utPanel.tsx, C:/Users/a
duca/.gemini/antigravit
y/scratch/gamified-life
/src/features/codex/Col
lectionCodex.tsx, C:/Us
ers/aduca/.gemini/antig
ravity/scratch/gamified
-life/src/features/room
/WalkableRoom.tsx, C:/U
sers/aduca/.gemini/anti
gravity/scratch/gamifie
d-life/src/features/roo
m/WardrobePanel.tsx, C:
/Users/aduca/.gemini/an
tigravity/scratch/gamif
ied-life/src/features/s
hop/GachaMachine.tsx, 
dynamic import will 
not move module into 
another chunk.
[39m
[33m[plugin 
vite:reporter] 
(!) C:/Users/aduca/.gem
ini/antigravity/scratch
/gamified-life/src/stor
e/useWorkshopStore.ts 
is dynamically 
imported by C:/Users/ad
uca/.gemini/antigravity
/scratch/gamified-life/
src/features/room/Garde
nPanel.tsx but also 
statically imported by 
C:/Users/aduca/.gemini/
antigravity/scratch/gam
ified-life/src/features
/room/WorkshopPanel.tsx
, dynamic import will 
not move module into 
another chunk.
[39m
computing gzip size...
[2mdist/[22m[32mindex.html                                   [39m[1m[2m    4.24 kB[22m[1m[22m[2m Γöé gzip:   1.79 kB[22m
[2mdist/[22m[32massets/bloom_sprite-BRjOBCnx.png             [39m[1m[2m   49.36 kB[22m[1m[22m
[2mdist/[22m[32massets/clockwork_owl-DjRhk_zs.png            [39m[1m[2m   66.85 kB[22m[1m[22m
[2mdist/[22m[32massets/obsidian_beetle-BcPLGlKx.png          [39m[1m[2m   68.04 kB[22m[1m[22m
[2mdist/[22m[32massets/healer-CdZugBvh.png                   [39m[1m[2m   71.77 kB[22m[1m[22m
[2mdist/[22m[32massets/voidling-CjOgdRb5.png                 [39m[1m[2m   73.25 kB[22m[1m[22m
[2mdist/[22m[32massets/siege-Usdke-AI.png                    [39m[1m[2m   80.49 kB[22m[1m[22m
[2mdist/[22m[32massets/scout-CjpwyBjw.png                    [39m[1m[2m   81.14 kB[22m[1m[22m
[2mdist/[22m[32massets/emberfox-CCpODiw6.png                 [39m[1m[2m   85.47 kB[22m[1m[22m
[2mdist/[22m[32massets/storm_pup-BfzWZo7X.png                [39m[1m[2m   86.78 kB[22m[1m[22m
[2mdist/[22m[32massets/moss_golem-BaXb4oDp.png               [39m[1m[2m   90.12 kB[22m[1m[22m
[2mdist/[22m[32massets/morale-TwQpzcaI.png                   [39m[1m[2m  103.41 kB[22m[1m[22m
[2mdist/[22m[32massets/lantern_slime-CK6JHRaL.png            [39m[1m[2m  132.34 kB[22m[1m[22m
[2mdist/[22m[32massets/verdant_guardian-D5ntui3Z.jpg         [39m[1m[2m  239.54 kB[22m[1m[22m
[2mdist/[22m[32massets/arcane_scholar-D4vaBHNH.jpg           [39m[1m[2m  249.66 kB[22m[1m[22m
[2mdist/[22m[32massets/iron_vanguard-Bcb2w5U8.jpg            [39m[1m[2m  266.76 kB[22m[1m[22m
[2mdist/[22m[32massets/td-track-map-BXOBk_Ld.jpg             [39m[1m[2m  301.04 kB[22m[1m[22m
[2mdist/[22m[32massets/td-bg-C15KfRsB.jpg                    [39m[1m[2m  309.37 kB[22m[1m[22m
[2mdist/[22m[32massets/monopoly-bg-C4ZWgpww.jpg              [39m[1m[2m  331.85 kB[22m[1m[22m
[2mdist/[22m[32massets/room-bg-CwLxVxOg.jpg                  [39m[1m[2m  386.27 kB[22m[1m[22m
[2mdist/[22m[32massets/weapon-DNiT-TtT.png                   [39m[1m[2m  419.96 kB[22m[1m[22m
[2mdist/[22m[32massets/armor-2ICvd5c_.png                    [39m[1m[2m  473.04 kB[22m[1m[22m
[2mdist/[22m[32massets/fatigue_wraith-CgNvaUdt.png           [39m[1m[2m  487.37 kB[22m[1m[22m
[2mdist/[22m[32massets/furniture-DrtnAvY9.png                [39m[1m[2m  513.32 kB[22m[1m[22m
[2mdist/[22m[32massets/stress_phantom-DUl_Sfzg.png           [39m[1m[2m  562.04 kB[22m[1m[22m
[2mdist/[22m[32massets/pet-X_8ZVSqV.png                      [39m[1m[2m  571.76 kB[22m[1m[22m
[2mdist/[22m[32massets/hospital-DUEp40si.png                 [39m[1m[2m  583.58 kB[22m[1m[22m
[2mdist/[22m[32massets/forest_ruins-Cla_DzVl.png             [39m[1m[2m  601.92 kB[22m[1m[22m
[2mdist/[22m[32massets/stats_background-D4IDDbkL.png         [39m[1m[2m  632.44 kB[22m[1m[22m
[2mdist/[22m[32massets/void_stalker-DkCAh57T.png             [39m[1m[2m  661.59 kB[22m[1m[22m
[2mdist/[22m[32massets/spell-DfaYx2Qd.png                    [39m[1m[2m  672.48 kB[22m[1m[22m
[2mdist/[22m[32massets/ethereal_cow-ny8N66w5.png             [39m[1m[2m  694.06 kB[22m[1m[22m
[2mdist/[22m[32massets/shadow_realm-6s9BzYzd.png             [39m[1m[2m  696.90 kB[22m[1m[22m
[2mdist/[22m[32massets/marketplace_night-eI7mTk-u.png        [39m[1m[2m  699.46 kB[22m[1m[22m
[2mdist/[22m[32massets/insomnia_echo-BBxLtAQf.png            [39m[1m[2m  699.78 kB[22m[1m[22m
[2mdist/[22m[32massets/chaos_of_clutter-B-_v4spo.png         [39m[1m[2m  704.48 kB[22m[1m[22m
[2mdist/[22m[32massets/tasks_background-Zr9aIqtM.png         [39m[1m[2m  727.74 kB[22m[1m[22m
[2mdist/[22m[32massets/hellish_imp-QiKCdp_C.png              [39m[1m[2m  731.06 kB[22m[1m[22m
[2mdist/[22m[32massets/library_background-DYyC5OEz.png       [39m[1m[2m  748.73 kB[22m[1m[22m
[2mdist/[22m[32massets/procrastination_specter-9wb2klWg.png  [39m[1m[2m  751.27 kB[22m[1m[22m
[2mdist/[22m[32massets/weapon_store-C6WYZlla.png             [39m[1m[2m  754.07 kB[22m[1m[22m
[2mdist/[22m[32massets/volcanic_cavern-D1xkyF4l.png          [39m[1m[2m  760.49 kB[22m[1m[22m
[2mdist/[22m[32massets/bookshelf_display-AnNfCH8Q.png        [39m[1m[2m  768.44 kB[22m[1m[22m
[2mdist/[22m[32massets/shadow_titan-9lodfhFy.png             [39m[1m[2m  781.44 kB[22m[1m[22m
[2mdist/[22m[32massets/sedentary_colossus-BoiDiNGw.png       [39m[1m[2m  784.64 kB[22m[1m[22m
[2mdist/[22m[32massets/pet_shop-CFlojbBh.png                 [39m[1m[2m  806.17 kB[22m[1m[22m
[2mdist/[22m[32massets/hospital-COdaOBAq.png                 [39m[1m[2m  836.57 kB[22m[1m[22m
[2mdist/[22m[32massets/armor_store-D-jWbEv4.png              [39m[1m[2m  847.06 kB[22m[1m[22m
[2mdist/[22m[32massets/infernal_citadel-C3jlc7S4.png         [39m[1m[2m  859.79 kB[22m[1m[22m
[2mdist/[22m[32massets/player-CQ4b2VND.png                   [39m[1m[2m  886.99 kB[22m[1m[22m
[2mdist/[22m[32massets/trophy_case-BcJKXV-g.png              [39m[1m[2m  902.05 kB[22m[1m[22m
[2mdist/[22m[32massets/crystal_catacombs-LsOkWgoq.png        [39m[1m[2m  906.37 kB[22m[1m[22m
[2mdist/[22m[32massets/pet_background-7hOsjGDu.png           [39m[1m[2m  981.84 kB[22m[1m[22m
[2mdist/[22m[32massets/shadow_rogue-mntiS3kl.png             [39m[1m[2m1,020.06 kB[22m[1m[22m
[2mdist/[22m[32massets/spell_store-fv_smgKA.png              [39m[1m[2m1,026.20 kB[22m[1m[22m
[2mdist/[22m[32massets/general_inertia-CDN_QxsZ.png          [39m[1m[2m1,054.46 kB[22m[1m[22m
[2mdist/[22m[32massets/flicker_burnout-CGqdY-cv.png          [39m[1m[2m1,207.88 kB[22m[1m[22m
[2mdist/[22m[32massets/cows_sleeping-SffFosCC.mp4            [39m[1m[2m6,549.18 kB[22m[1m[22m
[2mdist/[22m[32massets/war_cow-ClHhsMCm.png                  [39m[1m[2m7,607.81 kB[22m[1m[22m
[2mdist/[22m[32massets/archer_cow-C_PoyFVi.png               [39m[1m[2m7,811.86 kB[22m[1m[22m
[2mdist/[22m[32massets/wizard_cow-DzwOyXCw.png               [39m[1m[2m8,004.27 kB[22m[1m[22m
[2mdist/[22m[32massets/cow_king-COoEP3R8.png                 [39m[1m[2m8,239.64 kB[22m[1m[22m
[2mdist/[22m[35massets/index-C-wRlLWP.css                    [39m[1m[2m  483.79 kB[22m[1m[22m[2m Γöé gzip:  88.28 kB[22m
[2mdist/[22m[36massets/useFactionStore-BswYDlka.js           [39m[1m[2m    2.13 kB[22m[1m[22m[2m Γöé gzip:   1.06 kB[22m
[2mdist/[22m[36massets/index-BmxKqusw.js                     [39m[1m[33m1,484.82 kB[39m[22m[2m Γöé gzip: 435.87 kB[22m
[33m
(!) Some chunks are 
larger than 500 kB 
after minification. 
Consider:
- Using dynamic 
import() to code-split 
the application
- Use build.rollupOptio
ns.output.manualChunks 
to improve chunking: ht
tps://rollupjs.org/conf
iguration-options/#outp
ut-manualchunks
- Adjust chunk size 
limit for this warning 
via build.chunkSizeWarn
ingLimit.[39m
[32mΓ£ô built in 12.03s[39m
